###############################################################################
#
# IAR ELF Linker V3.11.1.207 for STM8                     12/Aug/2022  17:24:47
# Copyright 2010-2019 IAR Systems AB.
#
#    Output file  =  
#        D:\project\stm8\demo7_stm8l152c6_LCD _低功耗_RTC设置_温湿度显示
#        _S3\project\Debug\Exe\project.out
#    Map file     =  
#        D:\project\stm8\demo7_stm8l152c6_LCD _低功耗_RTC设置_温湿度显示
#        _S3\project\Debug\List\project.map
#    Command line =  
#        -f C:\Users\jacob\AppData\Local\Temp\EW15D7.tmp
#        ("D:\project\stm8\demo7_stm8l152c6_LCD _低功耗_RTC设置_温湿度显示
#        _S3\project\Debug\Obj\bsp_io.o" "D:\project\stm8\demo7_stm8l152c6_LCD
#        _低功耗_RTC设置_温湿度显示 _S3\project\Debug\Obj\bsp_lcd.o"
#        "D:\project\stm8\demo7_stm8l152c6_LCD _低功耗_RTC设置_温湿度显示
#        _S3\project\Debug\Obj\bsp_low.o" "D:\project\stm8\demo7_stm8l152c6_LCD
#        _低功耗_RTC设置_温湿度显示 _S3\project\Debug\Obj\bsp_rtc.o"
#        "D:\project\stm8\demo7_stm8l152c6_LCD _低功耗_RTC设置_温湿度显示
#        _S3\project\Debug\Obj\bsp_sysclk.o"
#        "D:\project\stm8\demo7_stm8l152c6_LCD _低功耗_RTC设置_温湿度显示
#        _S3\project\Debug\Obj\main.o" "D:\project\stm8\demo7_stm8l152c6_LCD
#        _低功耗_RTC设置_温湿度显示 _S3\project\Debug\Obj\max6675.o"
#        "D:\project\stm8\demo7_stm8l152c6_LCD _低功耗_RTC设置_温湿度显示
#        _S3\project\Debug\Obj\stm8l15x_clk.o"
#        "D:\project\stm8\demo7_stm8l152c6_LCD _低功耗_RTC设置_温湿度显示
#        _S3\project\Debug\Obj\stm8l15x_exti.o"
#        "D:\project\stm8\demo7_stm8l152c6_LCD _低功耗_RTC设置_温湿度显示
#        _S3\project\Debug\Obj\stm8l15x_gpio.o"
#        "D:\project\stm8\demo7_stm8l152c6_LCD _低功耗_RTC设置_温湿度显示
#        _S3\project\Debug\Obj\stm8l15x_it.o"
#        "D:\project\stm8\demo7_stm8l152c6_LCD _低功耗_RTC设置_温湿度显示
#        _S3\project\Debug\Obj\stm8l15x_lcd.o"
#        "D:\project\stm8\demo7_stm8l152c6_LCD _低功耗_RTC设置_温湿度显示
#        _S3\project\Debug\Obj\stm8l15x_pwr.o"
#        "D:\project\stm8\demo7_stm8l152c6_LCD _低功耗_RTC设置_温湿度显示
#        _S3\project\Debug\Obj\stm8l15x_rtc.o"
#        "D:\project\stm8\demo7_stm8l152c6_LCD _低功耗_RTC设置_温湿度显示
#        _S3\project\Debug\Obj\stm8l15x_spi.o"
#        "D:\project\stm8\demo7_stm8l152c6_LCD _低功耗_RTC设置_温湿度显示
#        _S3\project\Debug\Obj\stm8l15x_tim4.o" --redirect _Printf=_PrintfSmall
#        --redirect _Scanf=_ScanfSmall --no_out_extension -o
#        "D:\project\stm8\demo7_stm8l152c6_LCD _低功耗_RTC设置_温湿度显示
#        _S3\project\Debug\Exe\project.out" --map
#        "D:\project\stm8\demo7_stm8l152c6_LCD _低功耗_RTC设置_温湿度显示
#        _S3\project\Debug\List\project.map" --config "C:\Program Files
#        (x86)\IAR Systems\Embedded Workbench
#        8.3\stm8\config\lnkstm8l152c6.icf" --config_def _CSTACK_SIZE=0x100
#        --config_def _HEAP_SIZE=0x100 --entry __iar_program_start --debug_lib)
#
###############################################################################

*******************************************************************************
*** RUNTIME MODEL ATTRIBUTES
***

__SystemLibrary            = DLib
__code_model               = medium_or_large
__core                     = stm8
__data_model               = medium
__dlib_file_descriptor     = 0
__dlib_full_locale_support = 0
__rt_version               = 4


*******************************************************************************
*** PLACEMENT SUMMARY
***

"A0":  place at start of [0x000000-0x0000ff] { rw section .vregs };
"A1":  place at end of [0x000000-0x0007ff] { block CSTACK };
"P2":  place in [from 0x000000 to 0x0007ff] {
          block HEAP, rw section __DLIB_PERTHREAD, rw section .far.bss,
          rw section .far.data, rw section .far.noinit,
          rw section .far_func.textrw, rw section .huge.bss,
          rw section .huge.data, rw section .huge.noinit,
          rw section .huge_func.textrw, rw section .iar.dynexit,
          rw section .near.bss, rw section .near.data, rw section .near.noinit,
          rw section .near_func.textrw };
"A2":  place at start of [0x008000-0x00ffff] { block INTVEC };
"P3":  place in [from 0x008000 to 0x00ffff] {
          ro section __DLIB_PERTHREAD_init, ro section .far.data_init,
          ro section .far_func.textrw_init, ro section .huge.data_init,
          ro section .huge_func.textrw_init, ro section .iar.init_table,
          ro section .init_array, ro section .near.data_init,
          ro section .near.rodata, ro section .near_func.text,
          ro section .near_func.textrw_init, ro section .tiny.data_init,
          ro section .tiny.rodata_init };
"P4":  place in [from 0x008000 to 0x00ffff] {
          ro section .far.rodata, ro section .far_func.text };
"P5":  place in [from 0x008000 to 0x00ffff] {
          ro section .huge.rodata, ro section .huge_func.text };
do not initialize {
   rw section .eeprom.noinit, rw section .far.noinit, rw section .huge.noinit,
   rw section .near.noinit, rw section .tiny.noinit, rw section .vregs };

No sections matched the following patterns:

  ro section .far.data_init          in "P3-P5"
  ro section .far.rodata             in "P3-P5"
  ro section .far_func.textrw_init   in "P3-P5"
  ro section .huge.data_init         in "P3-P5"
  ro section .huge.rodata            in "P3-P5"
  ro section .huge_func.textrw_init  in "P3-P5"
  ro section .iar.init_table         in "P3-P5"
  ro section .init_array             in "P3-P5"
  ro section .near.data_init         in "P3-P5"
  ro section .near_func.text         in "P3-P5"
  ro section .near_func.textrw_init  in "P3-P5"
  ro section .tiny.data_init         in "P3-P5"
  ro section .tiny.rodata_init       in "P3-P5"
  ro section __DLIB_PERTHREAD_init   in "P3-P5"
  rw section .far.bss                in "P2"
  rw section .far.data               in "P2"
  rw section .far.noinit             in "P2"
  rw section .far_func.textrw        in "P2"
  rw section .huge.bss               in "P2"
  rw section .huge.data              in "P2"
  rw section .huge.noinit            in "P2"
  rw section .huge_func.textrw       in "P2"
  rw section .iar.dynexit            in "P2"
  rw section .near.data              in "P2"
  rw section .near.noinit            in "P2"
  rw section .near_func.textrw       in "P2"
  rw section .tiny.bss               in "P1"
  rw section .tiny.data              in "P1"
  rw section .tiny.noinit            in "P1"
  rw section .tiny.rodata            in "P1"
  rw section __DLIB_PERTHREAD        in "P2"
  section .eeprom.data               in "P6-P8"
  section .eeprom.noinit             in "P6-P8"
  section .eeprom.rodata             in "P6-P8"


  Section          Kind      Address    Size  Object
  -------          ----      -------    ----  ------
"A0":                                   0x10
  .vregs           uninit   0x000000    0x10  vregs.o [4]
                          - 0x000010    0x10

"P2":                                    0xb
  .near.bss        zero     0x000010     0x7  bsp_rtc.o [1]
  .near.bss        zero     0x000017     0x4  bsp_sysclk.o [1]
                          - 0x00001b     0xb

"A1":                                  0x100
  CSTACK                    0x000700   0x100  <Block>
    CSTACK         uninit   0x000700   0x100  <Block tail>
                          - 0x000800   0x100

"A2":                                   0x80
  INTVEC                    0x008000    0x80  <Block>
    .intvec        const    0x008000    0x80  interrupt.o [4]
                          - 0x008080    0x80

"P3-P5":                              0x1bcc
  .far_func.text   ro code  0x008080   0x40b  xprintfsmall.o [4]
  .far_func.text   ro code  0x00848b   0x296  float.o [4]
  .huge_func.text  ro code  0x008721   0x275  main.o [1]
  .far_func.text   ro code  0x008996   0x181  xprintfsmall.o [4]
  .far_func.text   ro code  0x008b17   0x131  vreg_util.o [4]
  .huge_func.text  ro code  0x008c48   0x101  stm8l15x_rtc.o [1]
  .huge_func.text  ro code  0x008d49    0xf6  bsp_io.o [1]
  .far_func.text   ro code  0x008e3f    0xc3  long.o [4]
  .huge_func.text  ro code  0x008f02    0xae  stm8l15x_rtc.o [1]
  .huge_func.text  ro code  0x008fb0    0x98  bsp_lcd.o [1]
  .huge_func.text  ro code  0x009048    0x8f  stm8l15x_clk.o [1]
  .huge_func.text  ro code  0x0090d7    0x8e  stm8l15x_gpio.o [1]
  .huge_func.text  ro code  0x009165    0x89  bsp_lcd.o [1]
  .huge_func.text  ro code  0x0091ee    0x87  stm8l15x_lcd.o [1]
  .huge_func.text  ro code  0x009275    0x83  bsp_lcd.o [1]
  .near.rodata     const    0x0092f8    0x80  bsp_lcd.o [1]
  .near.rodata     const    0x009378    0x80  bsp_lcd.o [1]
  .huge_func.text  ro code  0x0093f8    0x7e  bsp_io.o [1]
  .huge_func.text  ro code  0x009476    0x63  max6675.o [1]
  .huge_func.text  ro code  0x0094d9    0x53  max6675.o [1]
  .huge_func.text  ro code  0x00952c    0x51  stm8l15x_rtc.o [1]
  .huge_func.text  ro code  0x00957d    0x46  bsp_rtc.o [1]
  .far_func.text   ro code  0x0095c3    0x45  xprintfsmall.o [4]
  .far_func.text   ro code  0x009608    0x44  sprintf.o [4]
  .huge_func.text  ro code  0x00964c    0x44  bsp_lcd.o [1]
  .huge_func.text  ro code  0x009690    0x41  stm8l15x_spi.o [1]
  .huge_func.text  ro code  0x0096d1    0x3f  stm8l15x_it.o [1]
  .far_func.text   ro code  0x009710    0x3e  long_util.o [4]
  .far_func.text   ro code  0x00974e    0x3e  xprintfsmall.o [4]
  .far_func.text   ro code  0x00978c    0x3d  xprintfsmall.o [4]
  .far_func.text   ro code  0x0097c9    0x2e  xprintfsmall.o [4]
  .far_func.text   ro code  0x0097f7    0x2d  short.o [4]
  .huge_func.text  ro code  0x009824    0x2d  bsp_lcd.o [1]
  .far_func.text   ro code  0x009851    0x2c  dc_util.o [4]
  .huge_func.text  ro code  0x00987d    0x2a  max6675.o [1]
  .huge_func.text  ro code  0x0098a7    0x29  stm8l15x_rtc.o [1]
  .far_func.text   ro code  0x0098d0    0x28  far_util.o [4]
  .huge_func.text  ro code  0x0098f8    0x27  bsp_sysclk.o [1]
  .huge_func.text  ro code  0x00991f    0x25  bsp_low.o [1]
  .far_func.text   ro code  0x009944    0x21  memchr.o [4]
  .huge_func.text  ro code  0x009965    0x21  stm8l15x_exti.o [1]
  .huge_func.text  ro code  0x009986    0x21  stm8l15x_it.o [1]
  .iar.init_table  const    0x0099a7     0x9  - Linker created -
  .far_func.text   ro code  0x0099b0    0x1e  init.o [4]
  .huge_func.text  ro code  0x0099ce    0x1e  stm8l15x_it.o [1]
  .far_func.text   ro code  0x0099ec    0x1e  init_small.o [4]
  .huge_func.text  ro code  0x009a0a    0x1c  stm8l15x_rtc.o [1]
  .huge_func.text  ro code  0x009a26    0x1b  bsp_sysclk.o [1]
  .huge_func.text  ro code  0x009a41    0x1a  stm8l15x_spi.o [1]
  .huge_func.text  ro code  0x009a5b    0x19  max6675.o [1]
  .huge_func.text  ro code  0x009a74    0x19  stm8l15x_spi.o [1]
  .far_func.text   ro code  0x009a8d    0x17  cstartup.o [4]
  .huge_func.text  ro code  0x009aa4    0x17  stm8l15x_rtc.o [1]
  .far_func.text   ro code  0x009abb    0x16  __dbg_xxexit.o [3]
  .far_func.text   ro code  0x009ad1    0x15  xprintfsmall.o [4]
  .far_func.text   ro code  0x009ae6    0x15  strchr.o [4]
  .huge_func.text  ro code  0x009afb    0x13  bsp_low.o [1]
  .huge_func.text  ro code  0x009b0e    0x13  stm8l15x_lcd.o [1]
  .huge_func.text  ro code  0x009b21    0x13  stm8l15x_lcd.o [1]
  .huge_func.text  ro code  0x009b34    0x13  stm8l15x_lcd.o [1]
  .huge_func.text  ro code  0x009b47    0x12  bsp_sysclk.o [1]
  .far_func.text   ro code  0x009b59     0xd  strlen.o [4]
  .huge_func.text  ro code  0x009b66     0xd  stm8l15x_clk.o [1]
  .huge_func.text  ro code  0x009b73     0xd  stm8l15x_lcd.o [1]
  .far_func.text   ro code  0x009b80     0xc  xprintfsmall.o [4]
  .huge_func.text  ro code  0x009b8c     0xc  stm8l15x_lcd.o [1]
  .far_func.text   ro code  0x009b98     0xb  xprintfsmall.o [4]
  .far_func.text   ro code  0x009ba3     0xb  xsprout.o [4]
  .huge_func.text  ro code  0x009bae     0xa  stm8l15x_clk.o [1]
  .huge_func.text  ro code  0x009bb8     0xa  stm8l15x_rtc.o [1]
  .far_func.text   ro code  0x009bc2     0x8  xprintfsmall.o [4]
  .huge_func.text  ro code  0x009bca     0x7  stm8l15x_gpio.o [1]
  .huge_func.text  ro code  0x009bd1     0x7  stm8l15x_gpio.o [1]
  .near.rodata     const    0x009bd8     0x7  xprintfsmall.o [4]
  .far_func.text   ro code  0x009bdf     0x6  char.o [4]
  .far_func.text   ro code  0x009be5     0x6  xprintfsmall.o [4]
  .far_func.text   ro code  0x009beb     0x6  cexit.o [4]
  .huge_func.text  ro code  0x009bf1     0x6  bsp_low.o [1]
  .huge_func.text  ro code  0x009bf7     0x5  stm8l15x_tim4.o [1]
  .near.rodata     const    0x009bfc     0x5  main.o [1]
  .near.rodata     const    0x009c01     0x5  main.o [1]
  .far_func.text   ro code  0x009c06     0x4  interrupt.o [4]
  .far_func.text   ro code  0x009c0a     0x4  exit.o [4]
  .huge_func.text  ro code  0x009c0e     0x4  stm8l15x_clk.o [1]
  .huge_func.text  ro code  0x009c12     0x4  stm8l15x_clk.o [1]
  .huge_func.text  ro code  0x009c16     0x4  stm8l15x_clk.o [1]
  .huge_func.text  ro code  0x009c1a     0x4  stm8l15x_gpio.o [1]
  .near.rodata     const    0x009c1e     0x4  bsp_lcd.o [1]
  .far_func.text   ro code  0x009c22     0x3  low_level_init.o [4]
  .far_func.text   ro code  0x009c25     0x3  unhandled_exception.o [4]
  .near.rodata     const    0x009c28     0x2  main.o [1]
  .near.rodata     const    0x009c2a     0x2  main.o [1]
  .near.rodata     const    0x009c2c     0x2  main.o [1]
  .near.rodata     const    0x009c2e     0x2  main.o [1]
  .far_func.text   ro code  0x009c30     0x1  __dbg_break.o [3]
  .huge_func.text  ro code  0x009c31     0x1  stm8l15x_it.o [1]
  .huge_func.text  ro code  0x009c32     0x1  stm8l15x_it.o [1]
  .huge_func.text  ro code  0x009c33     0x1  stm8l15x_it.o [1]
  .huge_func.text  ro code  0x009c34     0x1  stm8l15x_it.o [1]
  .huge_func.text  ro code  0x009c35     0x1  stm8l15x_it.o [1]
  .huge_func.text  ro code  0x009c36     0x1  stm8l15x_it.o [1]
  .huge_func.text  ro code  0x009c37     0x1  stm8l15x_it.o [1]
  .huge_func.text  ro code  0x009c38     0x1  stm8l15x_it.o [1]
  .huge_func.text  ro code  0x009c39     0x1  stm8l15x_it.o [1]
  .huge_func.text  ro code  0x009c3a     0x1  stm8l15x_it.o [1]
  .huge_func.text  ro code  0x009c3b     0x1  stm8l15x_it.o [1]
  .huge_func.text  ro code  0x009c3c     0x1  stm8l15x_it.o [1]
  .huge_func.text  ro code  0x009c3d     0x1  stm8l15x_it.o [1]
  .huge_func.text  ro code  0x009c3e     0x1  stm8l15x_it.o [1]
  .huge_func.text  ro code  0x009c3f     0x1  stm8l15x_it.o [1]
  .huge_func.text  ro code  0x009c40     0x1  stm8l15x_it.o [1]
  .huge_func.text  ro code  0x009c41     0x1  stm8l15x_it.o [1]
  .huge_func.text  ro code  0x009c42     0x1  stm8l15x_it.o [1]
  .huge_func.text  ro code  0x009c43     0x1  stm8l15x_it.o [1]
  .huge_func.text  ro code  0x009c44     0x1  stm8l15x_it.o [1]
  .huge_func.text  ro code  0x009c45     0x1  stm8l15x_it.o [1]
  .huge_func.text  ro code  0x009c46     0x1  stm8l15x_it.o [1]
  .huge_func.text  ro code  0x009c47     0x1  stm8l15x_it.o [1]
  .huge_func.text  ro code  0x009c48     0x1  stm8l15x_it.o [1]
  .huge_func.text  ro code  0x009c49     0x1  stm8l15x_it.o [1]
  .huge_func.text  ro code  0x009c4a     0x1  stm8l15x_it.o [1]
  .huge_func.text  ro code  0x009c4b     0x1  stm8l15x_it.o [1]
                          - 0x009c4c  0x1bcc


*******************************************************************************
*** INIT TABLE
***

          Address   Size
          -------   ----
Zero (__iar_zero_init2)
    1 destination range, total size 0xb:
          0x000010   0xb



*******************************************************************************
*** MODULE SUMMARY
***

    Module                 ro code  ro data  rw data
    ------                 -------  -------  -------
D:\project\stm8\demo7_stm8l152c6_LCD _低功耗_RTC设置_温湿度显示 _S3\project\Debug\Obj: [1]
    bsp_io.o                   372
    bsp_lcd.o                  533      260
    bsp_low.o                   62
    bsp_rtc.o                   70                 7
    bsp_sysclk.o                84                 4
    main.o                     629       18
    max6675.o                  249
    stm8l15x_clk.o             178
    stm8l15x_exti.o             33
    stm8l15x_gpio.o            160
    stm8l15x_it.o              153
    stm8l15x_lcd.o             217
    stm8l15x_rtc.o             614
    stm8l15x_spi.o             116
    stm8l15x_tim4.o              5
    ------------------------------------------------
    Total:                   3 475      278       11

command line: [2]
    ------------------------------------------------
    Total:

dbgstm8mmd.a: [3]
    __dbg_break.o                1
    __dbg_xxexit.o              22
    ------------------------------------------------
    Total:                      23

dlstm8mmn.a: [4]
    cexit.o                      6
    char.o                       6
    cstartup.o                  23
    dc_util.o                   44
    exit.o                       4
    far_util.o                  40
    float.o                    662
    init.o                      30
    init_small.o                30
    interrupt.o                  4      128
    long.o                     195
    long_util.o                 62
    low_level_init.o             3
    memchr.o                    33
    short.o                     45
    sprintf.o                   68
    strchr.o                    21
    strlen.o                    13
    unhandled_exception.o        3
    vreg_util.o                305
    vregs.o                                       16
    xprintfsmall.o           1 716        7
    xsprout.o                   11
    ------------------------------------------------
    Total:                   3 324      135       16

    Linker created                        9      256
----------------------------------------------------
    Grand Total:             6 822      422      283


*******************************************************************************
*** ENTRY LIST
***

Entry                    Address   Size  Type      Object
-----                    -------   ----  ----      ------
.iar.init_table$$Base   0x0099a7          --   Gb  - Linker created -
.iar.init_table$$Limit  0x0099b0          --   Gb  - Linker created -
?and32_l0_l0_0x         0x008ed2         Code  Gb  long.o [4]
?and32_l0_l0_l1         0x008ecf         Code  Gb  long.o [4]
?b0                     0x000000         Data  Gb  vregs.o [4]
?b1                     0x000001         Data  Gb  vregs.o [4]
?b10                    0x00000a         Data  Gb  vregs.o [4]
?b11                    0x00000b         Data  Gb  vregs.o [4]
?b12                    0x00000c         Data  Gb  vregs.o [4]
?b13                    0x00000d         Data  Gb  vregs.o [4]
?b14                    0x00000e         Data  Gb  vregs.o [4]
?b15                    0x00000f         Data  Gb  vregs.o [4]
?b2                     0x000002         Data  Gb  vregs.o [4]
?b3                     0x000003         Data  Gb  vregs.o [4]
?b4                     0x000004         Data  Gb  vregs.o [4]
?b5                     0x000005         Data  Gb  vregs.o [4]
?b6                     0x000006         Data  Gb  vregs.o [4]
?b7                     0x000007         Data  Gb  vregs.o [4]
?b8                     0x000008         Data  Gb  vregs.o [4]
?b9                     0x000009         Data  Gb  vregs.o [4]
?dc32_l1                0x009851         Code  Gb  dc_util.o [4]
?e0                     0x000001         Data  Gb  vregs.o [4]
?e1                     0x000005         Data  Gb  vregs.o [4]
?e2                     0x000009         Data  Gb  vregs.o [4]
?e3                     0x00000d         Data  Gb  vregs.o [4]
?epilogue_l2            0x008c03         Code  Gb  vreg_util.o [4]
?epilogue_w4            0x008c08         Code  Gb  vreg_util.o [4]
?fcastf32u16_l0_x       0x0085e0         Code  Gb  float.o [4]
?fcasts16f32_x_l0       0x0085fe         Code  Gb  float.o [4]
?fdiv32_l0_l0_dc32      0x00852c         Code  Gb  float.o [4]
?fdiv32_l0_l0_l1        0x008532         Code  Gb  float.o [4]
?fmul32_l0_l0_dc32      0x00848b         Code  Gb  float.o [4]
?fmul32_l0_l0_l1        0x008491         Code  Gb  float.o [4]
?inc32_0x_0x            0x008e54         Code  Gb  long.o [4]
?inc32_l0_l0            0x008e4f         Code  Gb  long.o [4]
?l0                     0x000000         Data  Gb  vregs.o [4]
?l1                     0x000004         Data  Gb  vregs.o [4]
?l2                     0x000008         Data  Gb  vregs.o [4]
?l3                     0x00000c         Data  Gb  vregs.o [4]
?load24_e0_0x           0x0098dc         Code  Gb  far_util.o [4]
?load24_e0_asp          0x0098d0         Code  Gb  far_util.o [4]
?load24_e0_xsp          0x0098d2         Code  Gb  far_util.o [4]
?load24_e1_0x           0x0098ea         Code  Gb  far_util.o [4]
?load32_0x_l0           0x009740         Code  Gb  long_util.o [4]
?load32_l0_0x           0x00972a         Code  Gb  long_util.o [4]
?load32_l0_asp          0x00971e         Code  Gb  long_util.o [4]
?load32_l0_dbsp         0x009710         Code  Gb  long_util.o [4]
?load32_l0_xsp          0x009720         Code  Gb  long_util.o [4]
?load32_xsp_l0          0x009736         Code  Gb  long_util.o [4]
?mov_e0_e1              0x008c17         Code  Gb  vreg_util.o [4]
?mov_e0_e2              0x008c24         Code  Gb  vreg_util.o [4]
?mov_e1_e0              0x008c31         Code  Gb  vreg_util.o [4]
?mov_e2_e0              0x008c3e         Code  Gb  vreg_util.o [4]
?mov_l0_l1              0x008c14         Code  Gb  vreg_util.o [4]
?mov_l0_l2              0x008c21         Code  Gb  vreg_util.o [4]
?mov_l1_l0              0x008c2e         Code  Gb  vreg_util.o [4]
?mov_l2_l0              0x008c3b         Code  Gb  vreg_util.o [4]
?mov_w0_w5              0x008c0d         Code  Gb  vreg_util.o [4]
?mov_w1_w3              0x008c1a         Code  Gb  vreg_util.o [4]
?mov_w1_w5              0x008c27         Code  Gb  vreg_util.o [4]
?mov_w3_w1              0x008c34         Code  Gb  vreg_util.o [4]
?mov_w5_w1              0x008c41         Code  Gb  vreg_util.o [4]
?mul16_x_x_w0           0x0097f7         Code  Gb  short.o [4]
?neg32_l0_l0            0x008e3f         Code  Gb  long.o [4]
?pop_e2                 0x008b83         Code  Gb  vreg_util.o [4]
?pop_l0                 0x008bd6         Code  Gb  vreg_util.o [4]
?pop_l1                 0x008be1         Code  Gb  vreg_util.o [4]
?pop_l2                 0x008bec         Code  Gb  vreg_util.o [4]
?pop_w4                 0x008b38         Code  Gb  vreg_util.o [4]
?push_e0                0x008b4b         Code  Gb  vreg_util.o [4]
?push_e2                0x008b67         Code  Gb  vreg_util.o [4]
?push_l0                0x008ba1         Code  Gb  vreg_util.o [4]
?push_l1                0x008ba6         Code  Gb  vreg_util.o [4]
?push_l2                0x008bab         Code  Gb  vreg_util.o [4]
?push_l3                0x008bb0         Code  Gb  vreg_util.o [4]
?push_w2                0x008b17         Code  Gb  vreg_util.o [4]
?push_w4                0x008b1c         Code  Gb  vreg_util.o [4]
?sext16_x_a             0x00981d         Code  Gb  short.o [4]
?sext32_l0_a            0x008ef5         Code  Gb  long.o [4]
?sext32_l0_x            0x008eea         Code  Gb  long.o [4]
?sll16_x_x_a            0x009815         Code  Gb  short.o [4]
?sll8_a_a_5             0x009be0         Code  Gb  char.o [4]
?sll8_a_a_6             0x009bdf         Code  Gb  char.o [4]
?udiv32_l0_l0_l1        0x008e62         Code  Gb  long.o [4]
?umod32_l1_l0_l1        0x008e62         Code  Gb  long.o [4]
?w0                     0x000000         Data  Gb  vregs.o [4]
?w1                     0x000002         Data  Gb  vregs.o [4]
?w2                     0x000004         Data  Gb  vregs.o [4]
?w3                     0x000006         Data  Gb  vregs.o [4]
?w4                     0x000008         Data  Gb  vregs.o [4]
?w5                     0x00000a         Data  Gb  vregs.o [4]
?w6                     0x00000c         Data  Gb  vregs.o [4]
?w7                     0x00000e         Data  Gb  vregs.o [4]
ADC1_COMP_IRQHandler    0x009c41    0x1  Code  Gb  stm8l15x_it.o [1]
BSP_IO_Init             0x0093f8   0x7e  Code  Gb  bsp_io.o [1]
Bcd2ToByte              0x009aa4   0x17  Code  Lc  stm8l15x_rtc.o [1]
ByteToBcd2              0x009a0a   0x1c  Code  Lc  stm8l15x_rtc.o [1]
CLK_Config              0x0098f8   0x27  Code  Gb  bsp_sysclk.o [1]
CLK_GetSYSCLKSource     0x009c12    0x4  Code  Gb  stm8l15x_clk.o [1]
CLK_PeripheralClockConfig
                        0x009048   0x8f  Code  Gb  stm8l15x_clk.o [1]
CLK_RTCClockConfig      0x009bae    0xa  Code  Gb  stm8l15x_clk.o [1]
CLK_SYSCLKDivConfig     0x009c16    0x4  Code  Gb  stm8l15x_clk.o [1]
CLK_SYSCLKSourceConfig  0x009c0e    0x4  Code  Gb  stm8l15x_clk.o [1]
CLK_SYSCLKSourceSwitchCmd
                        0x009b66    0xd  Code  Gb  stm8l15x_clk.o [1]
CSTACK$$Base            0x000700          --   Gb  - Linker created -
CSTACK$$Limit           0x000800          --   Gb  - Linker created -
DMA1_CHANNEL0_1_IRQHandler
                        0x009c33    0x1  Code  Gb  stm8l15x_it.o [1]
DMA1_CHANNEL2_3_IRQHandler
                        0x009c34    0x1  Code  Gb  stm8l15x_it.o [1]
DelayMs                 0x009a26   0x1b  Code  Gb  bsp_sysclk.o [1]
EXTI0_IRQHandler        0x009c38    0x1  Code  Gb  stm8l15x_it.o [1]
EXTI1_IRQHandler        0x009c39    0x1  Code  Gb  stm8l15x_it.o [1]
EXTI2_IRQHandler        0x0099ce   0x1e  Code  Gb  stm8l15x_it.o [1]
EXTI3_IRQHandler        0x009c3a    0x1  Code  Gb  stm8l15x_it.o [1]
EXTI4_IRQHandler        0x009c3b    0x1  Code  Gb  stm8l15x_it.o [1]
EXTI5_IRQHandler        0x009c3c    0x1  Code  Gb  stm8l15x_it.o [1]
EXTI6_IRQHandler        0x009c3d    0x1  Code  Gb  stm8l15x_it.o [1]
EXTI7_IRQHandler        0x009c3e    0x1  Code  Gb  stm8l15x_it.o [1]
EXTIB_G_IRQHandler      0x009c36    0x1  Code  Gb  stm8l15x_it.o [1]
EXTID_H_IRQHandler      0x009c37    0x1  Code  Gb  stm8l15x_it.o [1]
EXTIE_F_PVD_IRQHandler  0x009c35    0x1  Code  Gb  stm8l15x_it.o [1]
EXTI_ClearITPendingBit  0x009965   0x21  Code  Gb  stm8l15x_exti.o [1]
EXTI_InputPin_Init      0x008d49   0xf6  Code  Gb  bsp_io.o [1]
EnterHalt               0x009bf1    0x6  Code  Gb  bsp_low.o [1]
ExitHalt                0x009afb   0x13  Code  Gb  bsp_low.o [1]
FLASH_IRQHandler        0x009c32    0x1  Code  Gb  stm8l15x_it.o [1]
GPIO_Init               0x0090d7   0x8e  Code  Gb  stm8l15x_gpio.o [1]
GPIO_LowPower_Config    0x00991f   0x25  Code  Gb  bsp_low.o [1]
GPIO_ReadInputDataBit   0x009bd1    0x7  Code  Gb  stm8l15x_gpio.o [1]
GPIO_ResetBits          0x009c1a    0x4  Code  Gb  stm8l15x_gpio.o [1]
GPIO_SetBits            0x009bca    0x7  Code  Gb  stm8l15x_gpio.o [1]
I2C1_SPI2_IRQHandler    0x009c4b    0x1  Code  Gb  stm8l15x_it.o [1]
INTVEC$$Base            0x008000          --   Gb  - Linker created -
INTVEC$$Limit           0x008080          --   Gb  - Linker created -
LCD_AES_IRQHandler      0x009c3f    0x1  Code  Gb  stm8l15x_it.o [1]
LCD_CHAR                0x0092f8   0x80  Data  Gb  bsp_lcd.o [1]
LCD_Cmd                 0x009b73    0xd  Code  Gb  stm8l15x_lcd.o [1]
LCD_ContrastConfig      0x009b34   0x13  Code  Gb  stm8l15x_lcd.o [1]
LCD_DeadTimeConfig      0x009b21   0x13  Code  Gb  stm8l15x_lcd.o [1]
LCD_DisplayChar         0x008fb0   0x98  Code  Gb  bsp_lcd.o [1]
LCD_GLASS_Init          0x00964c   0x44  Code  Gb  bsp_lcd.o [1]
LCD_Init                0x0091ee   0x87  Code  Gb  stm8l15x_lcd.o [1]
LCD_MAP                 0x009378   0x80  Data  Gb  bsp_lcd.o [1]
LCD_PortMaskConfig      0x009b8c    0xc  Code  Gb  stm8l15x_lcd.o [1]
LCD_Printf              0x009275   0x83  Code  Gb  bsp_lcd.o [1]
LCD_Printf_Temperature  0x009824   0x2d  Code  Gb  bsp_lcd.o [1]
LCD_PulseOnDurationConfig
                        0x009b0e   0x13  Code  Gb  stm8l15x_lcd.o [1]
LCD_SetPixel            0x009165   0x89  Code  Gb  bsp_lcd.o [1]
LoadInt                 0x0095c3   0x45  Code  Lc  xprintfsmall.o [4]
RTC_AlarmCmd            0x00952c   0x51  Code  Gb  stm8l15x_rtc.o [1]
RTC_AlarmStr            0x000010    0x7  Data  Gb  bsp_rtc.o [1]
RTC_CSSLSE_IRQHandler   0x0096d1   0x3f  Code  Gb  stm8l15x_it.o [1]
RTC_ClearITPendingBit   0x009bb8    0xa  Code  Gb  stm8l15x_rtc.o [1]
RTC_GetAlarm            0x008f02   0xae  Code  Gb  stm8l15x_rtc.o [1]
RTC_GetITStatus         0x0098a7   0x29  Code  Gb  stm8l15x_rtc.o [1]
RTC_Minute_Alarm_Set    0x00957d   0x46  Code  Gb  bsp_rtc.o [1]
RTC_SetAlarm            0x008c48  0x101  Code  Gb  stm8l15x_rtc.o [1]
Region$$Table$$Base     0x0099a7          --   Gb  - Linker created -
Region$$Table$$Limit    0x0099b0          --   Gb  - Linker created -
SPI1_IRQHandler         0x009c48    0x1  Code  Gb  stm8l15x_it.o [1]
SPI_Cmd                 0x009a41    0xd  Code  Gb  stm8l15x_spi.o [1]
SPI_GetFlagStatus       0x009a74   0x19  Code  Gb  stm8l15x_spi.o [1]
SPI_Init                0x009690   0x41  Code  Gb  stm8l15x_spi.o [1]
SPI_ReceiveData         0x009a56    0x5  Code  Gb  stm8l15x_spi.o [1]
SPI_SendData            0x009a4e    0x8  Code  Gb  stm8l15x_spi.o [1]
SWITCH_CSS_BREAK_DAC_IRQHandler
                        0x009c40    0x1  Code  Gb  stm8l15x_it.o [1]
SysClk1Ms               0x000017    0x4  Data  Lc  bsp_sysclk.o [1]
SysTickIncrease         0x009b47   0x12  Code  Gb  bsp_sysclk.o [1]
TIM1_CC_IRQHandler      0x009c47    0x1  Code  Gb  stm8l15x_it.o [1]
TIM1_UPD_OVF_TRG_COM_IRQHandler
                        0x009c46    0x1  Code  Gb  stm8l15x_it.o [1]
TIM2_CC_USART2_RX_IRQHandler
                        0x009c43    0x1  Code  Gb  stm8l15x_it.o [1]
TIM2_UPD_OVF_TRG_BRK_USART2_TX_IRQHandler
                        0x009c42    0x1  Code  Gb  stm8l15x_it.o [1]
TIM3_CC_USART3_RX_IRQHandler
                        0x009c45    0x1  Code  Gb  stm8l15x_it.o [1]
TIM3_UPD_OVF_TRG_BRK_USART3_TX_IRQHandler
                        0x009c44    0x1  Code  Gb  stm8l15x_it.o [1]
TIM4_ClearFlag          0x009bf7    0x5  Code  Gb  stm8l15x_tim4.o [1]
TIM4_UPD_OVF_TRG_IRQHandler
                        0x009986   0x21  Code  Gb  stm8l15x_it.o [1]
TRAP_IRQHandler         0x009c31    0x1  Code  Gb  stm8l15x_it.o [1]
USART1_RX_TIM5_CC_IRQHandler
                        0x009c4a    0x1  Code  Gb  stm8l15x_it.o [1]
USART1_TX_TIM5_UPD_OVF_TRG_BRK_IRQHandler
                        0x009c49    0x1  Code  Gb  stm8l15x_it.o [1]
_LitobSmall             0x008996  0x181  Code  Lc  xprintfsmall.o [4]
_PrintfSmall            0x008080  0x40b  Code  Gb  xprintfsmall.o [4]
_PutcharSmall           0x0097c9   0x2e  Code  Lc  xprintfsmall.o [4]
_PutcharsSmall          0x00974e   0x3e  Code  Lc  xprintfsmall.o [4]
_SProut                 0x009ba3    0xb  Code  Gb  xsprout.o [4]
__DebugBreak            0x009c30    0x1  Code  Gb  __dbg_break.o [3]
__exit                  0x009abb   0x16  Code  Gb  __dbg_xxexit.o [3]
__iar_Memchr            0x009944   0x21  Code  Gb  memchr.o [4]
__iar_Strchr            0x009ae6   0x15  Code  Gb  strchr.o [4]
__iar_data_init2        0x0099b0   0x1e  Code  Gb  init.o [4]
__iar_program_start     0x009a8d         Code  Gb  cstartup.o [4]
__iar_unhandled_exception
                        0x009c25         Code  Gb  unhandled_exception.o [4]
__iar_zero_init2        0x0099ec         Code  Gb  init_small.o [4]
__intvec                0x008000         Data  Gb  interrupt.o [4]
__low_level_init        0x009c22    0x3  Code  Gb  low_level_init.o [4]
_exit                   0x009beb         Code  Gb  cexit.o [4]
_interrupt_1            0x009c31         Code  Gb  stm8l15x_it.o [1]
_interrupt_10           0x009c38         Code  Gb  stm8l15x_it.o [1]
_interrupt_11           0x009c39         Code  Gb  stm8l15x_it.o [1]
_interrupt_12           0x0099ce         Code  Gb  stm8l15x_it.o [1]
_interrupt_13           0x009c3a         Code  Gb  stm8l15x_it.o [1]
_interrupt_14           0x009c3b         Code  Gb  stm8l15x_it.o [1]
_interrupt_15           0x009c3c         Code  Gb  stm8l15x_it.o [1]
_interrupt_16           0x009c3d         Code  Gb  stm8l15x_it.o [1]
_interrupt_17           0x009c3e         Code  Gb  stm8l15x_it.o [1]
_interrupt_18           0x009c3f         Code  Gb  stm8l15x_it.o [1]
_interrupt_19           0x009c40         Code  Gb  stm8l15x_it.o [1]
_interrupt_20           0x009c41         Code  Gb  stm8l15x_it.o [1]
_interrupt_21           0x009c42         Code  Gb  stm8l15x_it.o [1]
_interrupt_22           0x009c43         Code  Gb  stm8l15x_it.o [1]
_interrupt_23           0x009c44         Code  Gb  stm8l15x_it.o [1]
_interrupt_24           0x009c45         Code  Gb  stm8l15x_it.o [1]
_interrupt_25           0x009c46         Code  Gb  stm8l15x_it.o [1]
_interrupt_26           0x009c47         Code  Gb  stm8l15x_it.o [1]
_interrupt_27           0x009986         Code  Gb  stm8l15x_it.o [1]
_interrupt_28           0x009c48         Code  Gb  stm8l15x_it.o [1]
_interrupt_29           0x009c49         Code  Gb  stm8l15x_it.o [1]
_interrupt_3            0x009c32         Code  Gb  stm8l15x_it.o [1]
_interrupt_30           0x009c4a         Code  Gb  stm8l15x_it.o [1]
_interrupt_31           0x009c4b         Code  Gb  stm8l15x_it.o [1]
_interrupt_4            0x009c33         Code  Gb  stm8l15x_it.o [1]
_interrupt_5            0x009c34         Code  Gb  stm8l15x_it.o [1]
_interrupt_6            0x0096d1         Code  Gb  stm8l15x_it.o [1]
_interrupt_7            0x009c35         Code  Gb  stm8l15x_it.o [1]
_interrupt_8            0x009c36         Code  Gb  stm8l15x_it.o [1]
_interrupt_9            0x009c37         Code  Gb  stm8l15x_it.o [1]
exit                    0x009c0a    0x4  Code  Gb  exit.o [4]
main                    0x008721  0x275  Code  Gb  main.o [1]
max6675_init            0x009476   0x63  Code  Gb  max6675.o [1]
max6675_readRawValue    0x0094d9   0x53  Code  Gb  max6675.o [1]
max6675_readTemperature
                        0x009a5b   0x19  Code  Gb  max6675.o [1]
max6675_readWriteByte   0x00987d   0x2a  Code  Gb  max6675.o [1]
pad                     0x00978c   0x3d  Code  Lc  xprintfsmall.o [4]
sprintf                 0x009608   0x44  Code  Gb  sprintf.o [4]
strlen                  0x009b59    0xd  Code  Gb  strlen.o [4]


[1] = D:\project\stm8\demo7_stm8l152c6_LCD _低功耗_RTC设置_温湿度显示 _S3\project\Debug\Obj
[2] = command line
[3] = dbgstm8mmd.a
[4] = dlstm8mmn.a

  6 822 bytes of readonly  code memory
    422 bytes of readonly  data memory
    283 bytes of readwrite data memory

Errors: none
Warnings: none
